23864-src.FleetSimulationBase-INFO-Initialization of network and routing engine...
23864-src.routing.NetworkBasic-INFO-... no network dynamics file given -> read folder structure
23864-src.routing.NetworkBasic-INFO-Loading nodes from E:\Sharing bike\FleetPy-main\FleetPy-main\data\networks\example_network\base\nodes.csv ...
23864-src.routing.NetworkBasic-INFO-Loading edges from E:\Sharing bike\FleetPy-main\FleetPy-main\data\networks\example_network\base\edges.csv ...
23864-src.routing.NetworkBasic-INFO-... 7617 nodes loaded!
23864-src.FleetSimulationBase-INFO-Initialization of line-based public transportation...
23864-src.FleetSimulationBase-INFO-Initialization of travelers...
23864-src.demand.demand-INFO-init(): 0/100 requests removed (rq_time not in simulation time)
23864-src.demand.demand-INFO-init(): 0/100 requests removed (start == end)
23864-src.demand.demand-INFO-init(): 0/30 requests removed (rq_time not in simulation time)
23864-src.FleetSimulationBase-INFO-Initialization of MoD fleets...
23864-src.fleetctrl.FleetControlBase-INFO-Scenario example_rpp_tau_80_True_1
Operator 0 control strategy: RPPFleetControlFullInsertion
	 control function: {'func_key': 'total_distance'}
Operator 0 additional strategies:
	 RV Heuristics: {}
	 Stop-Insert Heuristics: {}
	 Charging: None
	 On-Street Parking: True
	 Repositioning: None
	 Dynamic Pricing: None
	 Dynamic Fleet Sizing: None

23864-src.FleetSimulationBase-INFO-Simulation environment specific initializations...
23864-src.FleetSimulationBase-INFO-Creating or loading initial vehicle states...
23864-src.FleetSimulationBase-INFO-Initialization of scenario example_rpp_tau_80_True_1 successful.
23864-src.FleetSimulationBase-INFO-No broker type specified, using default broker: BrokerBasic.
23864-src.fleetctrl.RPPFleetControl-WARNING-parcel offer not implemented correctly
23864-src.fleetctrl.RPPFleetControl-WARNING-parcel offer not implemented correctly
23864-src.fleetctrl.RPPFleetControl-WARNING-parcel offer not implemented correctly
23864-src.fleetctrl.RPPFleetControl-WARNING-parcel offer not implemented correctly
23864-src.fleetctrl.RPPFleetControl-WARNING-parcel offer not implemented correctly
23864-src.fleetctrl.RPPFleetControl-WARNING-parcel offer not implemented correctly
23864-src.fleetctrl.RPPFleetControl-WARNING-parcel offer not implemented correctly
23864-src.fleetctrl.RPPFleetControl-WARNING-parcel offer not implemented correctly
23864-src.fleetctrl.RPPFleetControl-WARNING-parcel offer not implemented correctly
23864-src.fleetctrl.RPPFleetControl-WARNING-parcel offer not implemented correctly
23864-src.fleetctrl.RPPFleetControl-WARNING-parcel offer not implemented correctly
23864-src.fleetctrl.RPPFleetControl-WARNING-parcel offer not implemented correctly
23864-src.fleetctrl.RPPFleetControl-WARNING-parcel offer not implemented correctly
23864-src.fleetctrl.RPPFleetControl-WARNING-parcel offer not implemented correctly
23864-src.fleetctrl.RPPFleetControl-WARNING-parcel offer not implemented correctly
23864-src.fleetctrl.RPPFleetControl-WARNING-parcel offer not implemented correctly
23864-src.fleetctrl.RPPFleetControl-WARNING-parcel offer not implemented correctly
23864-src.fleetctrl.RPPFleetControl-WARNING-parcel offer not implemented correctly
23864-src.fleetctrl.RPPFleetControl-WARNING-parcel offer not implemented correctly
23864-src.fleetctrl.RPPFleetControl-WARNING-parcel offer not implemented correctly
23864-src.fleetctrl.RPPFleetControl-WARNING-parcel offer not implemented correctly
23864-src.fleetctrl.RPPFleetControl-WARNING-parcel offer not implemented correctly
23864-src.fleetctrl.RPPFleetControl-WARNING-parcel offer not implemented correctly
23864-src.fleetctrl.RPPFleetControl-WARNING-parcel offer not implemented correctly
23864-src.fleetctrl.RPPFleetControl-WARNING-parcel offer not implemented correctly
23864-src.fleetctrl.RPPFleetControl-WARNING-parcel offer not implemented correctly
23864-src.fleetctrl.RPPFleetControl-WARNING-parcel offer not implemented correctly
23864-src.fleetctrl.RPPFleetControl-WARNING-parcel offer not implemented correctly
23864-src.fleetctrl.RPPFleetControl-WARNING-parcel offer not implemented correctly
23864-src.fleetctrl.RPPFleetControl-WARNING-parcel offer not implemented correctly
23864-src.fleetctrl.RPPFleetControl-WARNING-to adopt!
23864-src.fleetctrl.RPPFleetControl-WARNING-to adopt!
23864-src.fleetctrl.RPPFleetControl-WARNING-to adopt!
23864-src.fleetctrl.RPPFleetControl-WARNING-to adopt!
23864-src.fleetctrl.RPPFleetControl-WARNING-to adopt!
23864-src.fleetctrl.RPPFleetControl-WARNING-to adopt!
23864-src.fleetctrl.RPPFleetControl-WARNING-to adopt!
23864-src.fleetctrl.RPPFleetControl-WARNING-to adopt!
23864-src.fleetctrl.RPPFleetControl-WARNING-to adopt!
23864-src.fleetctrl.RPPFleetControl-WARNING-to adopt!
23864-src.fleetctrl.RPPFleetControl-WARNING-to adopt!
23864-src.fleetctrl.RPPFleetControl-WARNING-to adopt!
23864-src.fleetctrl.RPPFleetControl-WARNING-to adopt!
23864-src.fleetctrl.RPPFleetControl-WARNING-to adopt!
23864-src.fleetctrl.RPPFleetControl-WARNING-to adopt!
23864-src.fleetctrl.RPPFleetControl-WARNING-to adopt!
23864-src.fleetctrl.RPPFleetControl-WARNING-to adopt!
23864-src.fleetctrl.RPPFleetControl-WARNING-to adopt!
23864-src.fleetctrl.RPPFleetControl-WARNING-to adopt!
23864-src.fleetctrl.RPPFleetControl-WARNING-to adopt!
23864-src.fleetctrl.RPPFleetControl-WARNING-to adopt!
23864-src.fleetctrl.RPPFleetControl-WARNING-to adopt!
23864-src.fleetctrl.RPPFleetControl-WARNING-to adopt!
23864-src.fleetctrl.RPPFleetControl-WARNING-to adopt!
23864-src.fleetctrl.RPPFleetControl-WARNING-to adopt!
23864-src.fleetctrl.RPPFleetControl-WARNING-to adopt!
23864-src.fleetctrl.RPPFleetControl-WARNING-to adopt!
23864-src.fleetctrl.RPPFleetControl-WARNING-to adopt!
23864-src.fleetctrl.RPPFleetControl-WARNING-to adopt!
23864-src.FleetSimulationBase-INFO-Saving final simulation state.
23864-src.FleetSimulationBase-INFO-record_remaining_assignments()
23864-src.FleetSimulationBase-INFO-	 time 7200, remaining tasks 11
23864-src.FleetSimulationBase-INFO-	 time 7260, remaining tasks 5
23864-src.FleetSimulationBase-INFO-	 time 7320, remaining tasks 3
23864-src.FleetSimulationBase-INFO-	 time 7380, remaining tasks 1
23864-src.FleetSimulationBase-INFO-	 time 7440, remaining tasks 0
23864-src.FleetSimulationBase-INFO-Scenario example_rpp_tau_80_True_1 finished:
      initialization : 0:00:00 h
          simulation : 0:00:17 h
          evaluation : 0:00:00 h

23864-src.FleetSimulationBase-INFO-General initialization of scenario example_rpp_tau_90_True_1...
