23864-src.FleetSimulationBase-INFO-Initialization of network and routing engine...
23864-src.routing.NetworkBasic-INFO-... no network dynamics file given -> read folder structure
23864-src.routing.NetworkBasic-INFO-Loading nodes from E:\Sharing bike\FleetPy-main\FleetPy-main\data\networks\example_network\base\nodes.csv ...
23864-src.routing.NetworkBasic-INFO-Loading edges from E:\Sharing bike\FleetPy-main\FleetPy-main\data\networks\example_network\base\edges.csv ...
23864-src.routing.NetworkBasic-INFO-... 7617 nodes loaded!
23864-src.FleetSimulationBase-INFO-Initialization of line-based public transportation...
23864-src.FleetSimulationBase-INFO-Initialization of travelers...
23864-src.demand.demand-INFO-init(): 0/100 requests removed (rq_time not in simulation time)
23864-src.demand.demand-INFO-init(): 0/100 requests removed (start == end)
23864-src.FleetSimulationBase-INFO-Initialization of MoD fleets...
23864-src.fleetctrl.FleetControlBase-INFO-Scenario example_depot_util_pool_irsonly_sc_1
Operator 0 control strategy: PoolingInsertionHeuristicOnly
	 control function: {'func_key': 'distance_and_user_times_with_walk', 'vot': 0.45}
Operator 0 additional strategies:
	 RV Heuristics: {}
	 Stop-Insert Heuristics: {}
	 Charging: None
	 On-Street Parking: True
	 Repositioning: None
	 Dynamic Pricing: None
	 Dynamic Fleet Sizing: UtilizationBasedFS

23864-src.fleetctrl.pooling.objectives-INFO- -> assignment_reward_per_rq for objective function: 100000.0
23864-src.FleetSimulationBase-INFO-Simulation environment specific initializations...
23864-src.FleetSimulationBase-INFO-Creating or loading initial vehicle states...
23864-src.FleetSimulationBase-INFO-Initialization of scenario example_depot_util_pool_irsonly_sc_1 successful.
23864-src.FleetSimulationBase-INFO-No broker type specified, using default broker: BrokerBasic.
23864-src.fleetctrl.fleetsizing.DynamicFleetSizingBase-INFO-to deactivate: 49
23864-src.fleetctrl.fleetsizing.DynamicFleetSizingBase-INFO-Deactivating vehicle veh 0 at pos (2974, None, None) with soc 0.559363859477122 leg status VRL_STATES.IDLE remaining time None number remaining legs: 0 ob : [] at depot <src.infra.ChargingInfrastructure.Depot object at 0x00000265B5ABA710> (plan time: 60)
23864-src.fleetctrl.fleetsizing.DynamicFleetSizingBase-INFO-Deactivating vehicle veh 1 at pos (2984, None, None) with soc 0.8353189348090797 leg status VRL_STATES.IDLE remaining time None number remaining legs: 0 ob : [] at depot <src.infra.ChargingInfrastructure.Depot object at 0x00000265B5ABA710> (plan time: 60)
23864-src.fleetctrl.fleetsizing.DynamicFleetSizingBase-INFO-Deactivating vehicle veh 2 at pos (2981, None, None) with soc 0.9627983191463305 leg status VRL_STATES.IDLE remaining time None number remaining legs: 0 ob : [] at depot <src.infra.ChargingInfrastructure.Depot object at 0x00000265B5ABA710> (plan time: 60)
23864-src.fleetctrl.fleetsizing.DynamicFleetSizingBase-INFO-Deactivating vehicle veh 3 at pos (2974, None, None) with soc 0.707131497257335 leg status VRL_STATES.IDLE remaining time None number remaining legs: 0 ob : [] at depot <src.infra.ChargingInfrastructure.Depot object at 0x00000265B5ABA710> (plan time: 60)
23864-src.fleetctrl.fleetsizing.DynamicFleetSizingBase-INFO-Deactivating vehicle veh 4 at pos (2974, None, None) with soc 0.6818553854713113 leg status VRL_STATES.IDLE remaining time None number remaining legs: 0 ob : [] at depot <src.infra.ChargingInfrastructure.Depot object at 0x00000265B5ABA710> (plan time: 60)
23864-src.fleetctrl.fleetsizing.DynamicFleetSizingBase-INFO-Deactivating vehicle veh 5 at pos (2967, None, None) with soc 0.5435646498507704 leg status VRL_STATES.IDLE remaining time None number remaining legs: 0 ob : [] at depot <src.infra.ChargingInfrastructure.Depot object at 0x00000265B5ABA680> (plan time: 60)
23864-src.fleetctrl.fleetsizing.DynamicFleetSizingBase-INFO-Deactivating vehicle veh 6 at pos (2981, None, None) with soc 0.6326947454697227 leg status VRL_STATES.IDLE remaining time None number remaining legs: 0 ob : [] at depot <src.infra.ChargingInfrastructure.Depot object at 0x00000265B5ABA710> (plan time: 60)
23864-src.fleetctrl.fleetsizing.DynamicFleetSizingBase-INFO-Deactivating vehicle veh 7 at pos (2971, None, None) with soc 0.5644631488274267 leg status VRL_STATES.IDLE remaining time None number remaining legs: 0 ob : [] at depot <src.infra.ChargingInfrastructure.Depot object at 0x00000265B5ABA710> (plan time: 60)
23864-src.fleetctrl.fleetsizing.DynamicFleetSizingBase-INFO-Deactivating vehicle veh 8 at pos (2966, None, None) with soc 0.916309922773969 leg status VRL_STATES.IDLE remaining time None number remaining legs: 0 ob : [] at depot <src.infra.ChargingInfrastructure.Depot object at 0x00000265B5ABA680> (plan time: 60)
23864-src.fleetctrl.fleetsizing.DynamicFleetSizingBase-INFO-Deactivating vehicle veh 9 at pos (2967, None, None) with soc 0.8462360596850099 leg status VRL_STATES.IDLE remaining time None number remaining legs: 0 ob : [] at depot <src.infra.ChargingInfrastructure.Depot object at 0x00000265B5ABA680> (plan time: 60)
23864-src.fleetctrl.fleetsizing.DynamicFleetSizingBase-INFO-Deactivating vehicle veh 10 at pos (2981, None, None) with soc 0.7193007567311602 leg status VRL_STATES.IDLE remaining time None number remaining legs: 0 ob : [] at depot <src.infra.ChargingInfrastructure.Depot object at 0x00000265B5ABA710> (plan time: 60)
23864-src.fleetctrl.fleetsizing.DynamicFleetSizingBase-INFO-Deactivating vehicle veh 11 at pos (2993, None, None) with soc 0.8995792821083618 leg status VRL_STATES.IDLE remaining time None number remaining legs: 0 ob : [] at depot <src.infra.ChargingInfrastructure.Depot object at 0x00000265B5ABA680> (plan time: 60)
23864-src.fleetctrl.fleetsizing.DynamicFleetSizingBase-INFO-Deactivating vehicle veh 12 at pos (2980, None, None) with soc 0.5469702553792208 leg status VRL_STATES.IDLE remaining time None number remaining legs: 0 ob : [] at depot <src.infra.ChargingInfrastructure.Depot object at 0x00000265B5ABA710> (plan time: 60)
23864-src.fleetctrl.fleetsizing.DynamicFleetSizingBase-INFO-Deactivating vehicle veh 13 at pos (2971, None, None) with soc 0.5806547589424982 leg status VRL_STATES.IDLE remaining time None number remaining legs: 0 ob : [] at depot <src.infra.ChargingInfrastructure.Depot object at 0x00000265B5ABA710> (plan time: 60)
23864-src.fleetctrl.fleetsizing.DynamicFleetSizingBase-INFO-Deactivating vehicle veh 14 at pos (2987, None, None) with soc 0.9350060741234096 leg status VRL_STATES.IDLE remaining time None number remaining legs: 0 ob : [] at depot <src.infra.ChargingInfrastructure.Depot object at 0x00000265B5ABA710> (plan time: 60)
23864-src.fleetctrl.fleetsizing.DynamicFleetSizingBase-INFO-Deactivating vehicle veh 15 at pos (2982, None, None) with soc 0.964648098788107 leg status VRL_STATES.IDLE remaining time None number remaining legs: 0 ob : [] at depot <src.infra.ChargingInfrastructure.Depot object at 0x00000265B5ABA710> (plan time: 60)
23864-src.fleetctrl.fleetsizing.DynamicFleetSizingBase-INFO-Deactivating vehicle veh 16 at pos (2993, None, None) with soc 0.551022405374014 leg status VRL_STATES.IDLE remaining time None number remaining legs: 0 ob : [] at depot <src.infra.ChargingInfrastructure.Depot object at 0x00000265B5ABA680> (plan time: 60)
23864-src.fleetctrl.fleetsizing.DynamicFleetSizingBase-INFO-Deactivating vehicle veh 17 at pos (2978, None, None) with soc 0.8902645881432277 leg status VRL_STATES.IDLE remaining time None number remaining legs: 0 ob : [] at depot <src.infra.ChargingInfrastructure.Depot object at 0x00000265B5ABA710> (plan time: 60)
23864-src.fleetctrl.fleetsizing.DynamicFleetSizingBase-INFO-Deactivating vehicle veh 18 at pos (2969, None, None) with soc 0.8581636020592828 leg status VRL_STATES.IDLE remaining time None number remaining legs: 0 ob : [] at depot <src.infra.ChargingInfrastructure.Depot object at 0x00000265B5ABA710> (plan time: 60)
23864-src.fleetctrl.fleetsizing.DynamicFleetSizingBase-INFO-Deactivating vehicle veh 19 at pos (2984, None, None) with soc 0.626645801269891 leg status VRL_STATES.IDLE remaining time None number remaining legs: 0 ob : [] at depot <src.infra.ChargingInfrastructure.Depot object at 0x00000265B5ABA710> (plan time: 60)
23864-src.fleetctrl.fleetsizing.DynamicFleetSizingBase-INFO-Deactivating vehicle veh 20 at pos (2970, None, None) with soc 0.972334458524792 leg status VRL_STATES.IDLE remaining time None number remaining legs: 0 ob : [] at depot <src.infra.ChargingInfrastructure.Depot object at 0x00000265B5ABA710> (plan time: 60)
23864-src.fleetctrl.fleetsizing.DynamicFleetSizingBase-INFO-Deactivating vehicle veh 21 at pos (2974, None, None) with soc 0.8337051899818408 leg status VRL_STATES.IDLE remaining time None number remaining legs: 0 ob : [] at depot <src.infra.ChargingInfrastructure.Depot object at 0x00000265B5ABA710> (plan time: 60)
23864-src.fleetctrl.fleetsizing.DynamicFleetSizingBase-INFO-Deactivating vehicle veh 22 at pos (2979, None, None) with soc 0.6222127960008014 leg status VRL_STATES.IDLE remaining time None number remaining legs: 0 ob : [] at depot <src.infra.ChargingInfrastructure.Depot object at 0x00000265B5ABA710> (plan time: 60)
23864-src.fleetctrl.fleetsizing.DynamicFleetSizingBase-INFO-Deactivating vehicle veh 23 at pos (2969, None, None) with soc 0.819960510663762 leg status VRL_STATES.IDLE remaining time None number remaining legs: 0 ob : [] at depot <src.infra.ChargingInfrastructure.Depot object at 0x00000265B5ABA710> (plan time: 60)
23864-src.fleetctrl.fleetsizing.DynamicFleetSizingBase-INFO-Deactivating vehicle veh 24 at pos (2974, None, None) with soc 0.5915956810035584 leg status VRL_STATES.IDLE remaining time None number remaining legs: 0 ob : [] at depot <src.infra.ChargingInfrastructure.Depot object at 0x00000265B5ABA710> (plan time: 60)
23864-src.fleetctrl.fleetsizing.DynamicFleetSizingBase-INFO-Deactivating vehicle veh 25 at pos (2984, None, None) with soc 0.5690914756743068 leg status VRL_STATES.IDLE remaining time None number remaining legs: 0 ob : [] at depot <src.infra.ChargingInfrastructure.Depot object at 0x00000265B5ABA710> (plan time: 60)
23864-src.fleetctrl.fleetsizing.DynamicFleetSizingBase-INFO-Deactivating vehicle veh 26 at pos (2980, None, None) with soc 0.7073309699952618 leg status VRL_STATES.IDLE remaining time None number remaining legs: 0 ob : [] at depot <src.infra.ChargingInfrastructure.Depot object at 0x00000265B5ABA710> (plan time: 60)
23864-src.fleetctrl.fleetsizing.DynamicFleetSizingBase-INFO-Deactivating vehicle veh 27 at pos (2982, None, None) with soc 0.5100537730937468 leg status VRL_STATES.IDLE remaining time None number remaining legs: 0 ob : [] at depot <src.infra.ChargingInfrastructure.Depot object at 0x00000265B5ABA710> (plan time: 60)
23864-src.fleetctrl.fleetsizing.DynamicFleetSizingBase-INFO-Deactivating vehicle veh 28 at pos (2970, None, None) with soc 0.5551875705821525 leg status VRL_STATES.IDLE remaining time None number remaining legs: 0 ob : [] at depot <src.infra.ChargingInfrastructure.Depot object at 0x00000265B5ABA710> (plan time: 60)
23864-src.fleetctrl.fleetsizing.DynamicFleetSizingBase-INFO-Deactivating vehicle veh 29 at pos (2973, None, None) with soc 0.8871168447171083 leg status VRL_STATES.IDLE remaining time None number remaining legs: 0 ob : [] at depot <src.infra.ChargingInfrastructure.Depot object at 0x00000265B5ABA710> (plan time: 60)
23864-src.fleetctrl.fleetsizing.DynamicFleetSizingBase-INFO-Deactivating vehicle veh 30 at pos (2981, None, None) with soc 0.8575946831862098 leg status VRL_STATES.IDLE remaining time None number remaining legs: 0 ob : [] at depot <src.infra.ChargingInfrastructure.Depot object at 0x00000265B5ABA710> (plan time: 60)
23864-src.fleetctrl.fleetsizing.DynamicFleetSizingBase-INFO-Deactivating vehicle veh 31 at pos (2971, None, None) with soc 0.684362585330482 leg status VRL_STATES.IDLE remaining time None number remaining legs: 0 ob : [] at depot <src.infra.ChargingInfrastructure.Depot object at 0x00000265B5ABA710> (plan time: 60)
23864-src.fleetctrl.fleetsizing.DynamicFleetSizingBase-INFO-Deactivating vehicle veh 32 at pos (2966, None, None) with soc 0.8088177485379385 leg status VRL_STATES.IDLE remaining time None number remaining legs: 0 ob : [] at depot <src.infra.ChargingInfrastructure.Depot object at 0x00000265B5ABA680> (plan time: 60)
23864-src.fleetctrl.fleetsizing.DynamicFleetSizingBase-INFO-Deactivating vehicle veh 33 at pos (2989, None, None) with soc 0.5023477380962735 leg status VRL_STATES.IDLE remaining time None number remaining legs: 0 ob : [] at depot <src.infra.ChargingInfrastructure.Depot object at 0x00000265B5ABA710> (plan time: 60)
23864-src.fleetctrl.fleetsizing.DynamicFleetSizingBase-INFO-Deactivating vehicle veh 34 at pos (2988, None, None) with soc 0.5485506378965306 leg status VRL_STATES.IDLE remaining time None number remaining legs: 0 ob : [] at depot <src.infra.ChargingInfrastructure.Depot object at 0x00000265B5ABA710> (plan time: 60)
23864-src.fleetctrl.fleetsizing.DynamicFleetSizingBase-INFO-Deactivating vehicle veh 35 at pos (2978, None, None) with soc 0.7842169744343243 leg status VRL_STATES.IDLE remaining time None number remaining legs: 0 ob : [] at depot <src.infra.ChargingInfrastructure.Depot object at 0x00000265B5ABA710> (plan time: 60)
23864-src.fleetctrl.fleetsizing.DynamicFleetSizingBase-INFO-Deactivating vehicle veh 36 at pos (2982, None, None) with soc 0.7724415914984484 leg status VRL_STATES.IDLE remaining time None number remaining legs: 0 ob : [] at depot <src.infra.ChargingInfrastructure.Depot object at 0x00000265B5ABA710> (plan time: 60)
23864-src.fleetctrl.fleetsizing.DynamicFleetSizingBase-INFO-Deactivating vehicle veh 37 at pos (2993, None, None) with soc 0.7343256008238508 leg status VRL_STATES.IDLE remaining time None number remaining legs: 0 ob : [] at depot <src.infra.ChargingInfrastructure.Depot object at 0x00000265B5ABA680> (plan time: 60)
23864-src.fleetctrl.fleetsizing.DynamicFleetSizingBase-INFO-Deactivating vehicle veh 38 at pos (2983, None, None) with soc 0.8084669984373785 leg status VRL_STATES.IDLE remaining time None number remaining legs: 0 ob : [] at depot <src.infra.ChargingInfrastructure.Depot object at 0x00000265B5ABA710> (plan time: 60)
23864-src.fleetctrl.fleetsizing.DynamicFleetSizingBase-INFO-Deactivating vehicle veh 39 at pos (2978, None, None) with soc 0.9458865003910399 leg status VRL_STATES.IDLE remaining time None number remaining legs: 0 ob : [] at depot <src.infra.ChargingInfrastructure.Depot object at 0x00000265B5ABA710> (plan time: 60)
23864-src.fleetctrl.fleetsizing.DynamicFleetSizingBase-INFO-Deactivating vehicle veh 40 at pos (2989, None, None) with soc 0.5480492039469815 leg status VRL_STATES.IDLE remaining time None number remaining legs: 0 ob : [] at depot <src.infra.ChargingInfrastructure.Depot object at 0x00000265B5ABA710> (plan time: 60)
23864-src.fleetctrl.fleetsizing.DynamicFleetSizingBase-INFO-Deactivating vehicle veh 41 at pos (2992, None, None) with soc 0.8409101495517417 leg status VRL_STATES.IDLE remaining time None number remaining legs: 0 ob : [] at depot <src.infra.ChargingInfrastructure.Depot object at 0x00000265B5ABA680> (plan time: 60)
23864-src.fleetctrl.fleetsizing.DynamicFleetSizingBase-INFO-Deactivating vehicle veh 42 at pos (2977, None, None) with soc 0.8229470565333281 leg status VRL_STATES.IDLE remaining time None number remaining legs: 0 ob : [] at depot <src.infra.ChargingInfrastructure.Depot object at 0x00000265B5ABA710> (plan time: 60)
23864-src.fleetctrl.fleetsizing.DynamicFleetSizingBase-INFO-Deactivating vehicle veh 43 at pos (2993, None, None) with soc 0.802422759872523 leg status VRL_STATES.IDLE remaining time None number remaining legs: 0 ob : [] at depot <src.infra.ChargingInfrastructure.Depot object at 0x00000265B5ABA680> (plan time: 60)
23864-src.fleetctrl.fleetsizing.DynamicFleetSizingBase-INFO-Deactivating vehicle veh 44 at pos (2985, None, None) with soc 0.5301127358146349 leg status VRL_STATES.IDLE remaining time None number remaining legs: 0 ob : [] at depot <src.infra.ChargingInfrastructure.Depot object at 0x00000265B5ABA710> (plan time: 60)
23864-src.fleetctrl.fleetsizing.DynamicFleetSizingBase-INFO-Deactivating vehicle veh 45 at pos (2992, None, None) with soc 0.6917207594128889 leg status VRL_STATES.IDLE remaining time None number remaining legs: 0 ob : [] at depot <src.infra.ChargingInfrastructure.Depot object at 0x00000265B5ABA680> (plan time: 60)
23864-src.fleetctrl.fleetsizing.DynamicFleetSizingBase-INFO-Deactivating vehicle veh 46 at pos (2986, None, None) with soc 0.5195938961271603 leg status VRL_STATES.IDLE remaining time None number remaining legs: 0 ob : [] at depot <src.infra.ChargingInfrastructure.Depot object at 0x00000265B5ABA710> (plan time: 60)
23864-src.fleetctrl.fleetsizing.DynamicFleetSizingBase-INFO-Deactivating vehicle veh 47 at pos (2976, None, None) with soc 0.7185159768996707 leg status VRL_STATES.IDLE remaining time None number remaining legs: 0 ob : [] at depot <src.infra.ChargingInfrastructure.Depot object at 0x00000265B5ABA710> (plan time: 60)
23864-src.fleetctrl.fleetsizing.DynamicFleetSizingBase-INFO-Deactivating vehicle veh 48 at pos (2988, None, None) with soc 0.7644474598764522 leg status VRL_STATES.IDLE remaining time None number remaining legs: 0 ob : [] at depot <src.infra.ChargingInfrastructure.Depot object at 0x00000265B5ABA710> (plan time: 60)
23864-src.fleetctrl.fleetsizing.DynamicFleetSizingBase-INFO-to deactivate: 0
23864-src.fleetctrl.fleetsizing.DynamicFleetSizingBase-INFO-to deactivate: 0
23864-src.fleetctrl.fleetsizing.DynamicFleetSizingBase-INFO-to deactivate: 0
23864-src.fleetctrl.fleetsizing.DynamicFleetSizingBase-INFO-Activating vehicle veh 20 at pos (2980, None, None) with soc 0.9721280955945223 leg status VRL_STATES.OUT_OF_SERVICE remaining time 9999950.413729426 number remaining legs: 1 ob : [] from depot <src.infra.ChargingInfrastructure.Depot object at 0x00000265B5ABA710> (plan time: 300)
23864-src.fleetctrl.fleetsizing.DynamicFleetSizingBase-INFO-Activating vehicle veh 15 at pos (2980, None, None) with soc 0.9645206597818511 leg status VRL_STATES.OUT_OF_SERVICE remaining time 14101.693576094352 number remaining legs: 3 ob : [] from depot <src.infra.ChargingInfrastructure.Depot object at 0x00000265B5ABA710> (plan time: 360)
23864-src.fleetctrl.FleetControlBase-WARNING-charging task ('op_0', '1_3_15_14461_15313') no longer assigned! -> cancel booking!
23864-src.fleetctrl.fleetsizing.DynamicFleetSizingBase-INFO-Activating vehicle veh 2 at pos (2980, None, None) with soc 0.9627188555138173 leg status VRL_STATES.OUT_OF_SERVICE remaining time 6784.056720113717 number remaining legs: 3 ob : [] from depot <src.infra.ChargingInfrastructure.Depot object at 0x00000265B5ABA710> (plan time: 360)
23864-src.fleetctrl.FleetControlBase-WARNING-charging task ('op_0', '1_1_2_7144_8038') no longer assigned! -> cancel booking!
23864-src.fleetctrl.fleetsizing.DynamicFleetSizingBase-INFO-Activating vehicle veh 39 at pos (2980, None, None) with soc 0.9457740567269927 leg status VRL_STATES.OUT_OF_SERVICE remaining time 14010.33429620865 number remaining legs: 3 ob : [] from depot <src.infra.ChargingInfrastructure.Depot object at 0x00000265B5ABA710> (plan time: 420)
23864-src.fleetctrl.FleetControlBase-WARNING-charging task ('op_0', '1_2_39_14430_15731') no longer assigned! -> cancel booking!
23864-src.fleetctrl.fleetsizing.DynamicFleetSizingBase-INFO-Activating vehicle veh 14 at pos (2980, None, None) with soc 0.9347543293107337 leg status VRL_STATES.OUT_OF_SERVICE remaining time 49411.2161850889 number remaining legs: 3 ob : [] from depot <src.infra.ChargingInfrastructure.Depot object at 0x00000265B5ABA710> (plan time: 420)
23864-src.fleetctrl.FleetControlBase-WARNING-charging task ('op_0', '1_2_14_49831_51397') no longer assigned! -> cancel booking!
23864-src.fleetctrl.fleetsizing.DynamicFleetSizingBase-INFO-Activating vehicle veh 17 at pos (2980, None, None) with soc 0.8901521444791805 leg status VRL_STATES.OUT_OF_SERVICE remaining time 13921.061532510881 number remaining legs: 3 ob : [] from depot <src.infra.ChargingInfrastructure.Depot object at 0x00000265B5ABA710> (plan time: 480)
23864-src.fleetctrl.FleetControlBase-WARNING-charging task ('op_0', '1_0_17_14401_17037') no longer assigned! -> cancel booking!
23864-src.fleetctrl.fleetsizing.DynamicFleetSizingBase-INFO-Activating vehicle veh 29 at pos (2980, None, None) with soc 0.8868733201734865 leg status VRL_STATES.OUT_OF_SERVICE remaining time 49204.8979710923 number remaining legs: 3 ob : [] from depot <src.infra.ChargingInfrastructure.Depot object at 0x00000265B5ABA710> (plan time: 540)
23864-src.fleetctrl.FleetControlBase-WARNING-charging task ('op_0', '1_0_29_49744_52459') no longer assigned! -> cancel booking!
23864-src.fleetctrl.fleetsizing.DynamicFleetSizingBase-INFO-to deactivate: 1
23864-src.fleetctrl.fleetsizing.DynamicFleetSizingBase-INFO-Deactivating vehicle veh 20 at pos (3877, 2787, np.float64(0.3057519159206804)) with soc 0.9719885770197939 leg status VRL_STATES.ROUTE remaining time None number remaining legs: 2 ob : [3] at depot <src.infra.ChargingInfrastructure.Depot object at 0x00000265B5ABA710> (plan time: 600)
23864-src.fleetctrl.fleetsizing.DynamicFleetSizingBase-INFO-Activating vehicle veh 18 at pos (2980, None, None) with soc 0.8579855140994925 leg status VRL_STATES.OUT_OF_SERVICE remaining time 10332.713870898702 number remaining legs: 3 ob : [] from depot <src.infra.ChargingInfrastructure.Depot object at 0x00000265B5ABA710> (plan time: 660)
23864-src.fleetctrl.FleetControlBase-WARNING-charging task ('op_0', '1_0_18_10992_14401') no longer assigned! -> cancel booking!
23864-src.fleetctrl.fleetsizing.DynamicFleetSizingBase-INFO-Activating vehicle veh 30 at pos (2980, None, None) with soc 0.8575152195536966 leg status VRL_STATES.OUT_OF_SERVICE remaining time 6258.688965632472 number remaining legs: 3 ob : [] from depot <src.infra.ChargingInfrastructure.Depot object at 0x00000265B5ABA710> (plan time: 660)
23864-src.fleetctrl.FleetControlBase-WARNING-charging task ('op_0', '1_4_30_6918_10338') no longer assigned! -> cancel booking!
23864-src.fleetctrl.fleetsizing.DynamicFleetSizingBase-INFO-Activating vehicle veh 20 at pos (2980, None, None) with soc 0.9718933351945223 leg status VRL_STATES.BOARDING remaining time 29.502771428571464 number remaining legs: 2 ob : [3] from depot <src.infra.ChargingInfrastructure.Depot object at 0x00000265B5ABA710> (plan time: 720)
23864-src.fleetctrl.fleetsizing.DynamicFleetSizingBase-INFO-Activating vehicle veh 1 at pos (2980, None, None) with soc 0.8351585417917138 leg status VRL_STATES.OUT_OF_SERVICE remaining time 35283.920381882686 number remaining legs: 3 ob : [] from depot <src.infra.ChargingInfrastructure.Depot object at 0x00000265B5ABA710> (plan time: 720)
23864-src.fleetctrl.FleetControlBase-WARNING-charging task ('op_0', '1_4_1_36003_39960') no longer assigned! -> cancel booking!
23864-src.fleetctrl.fleetsizing.DynamicFleetSizingBase-INFO-to deactivate: 1
23864-src.fleetctrl.fleetsizing.DynamicFleetSizingBase-INFO-Deactivating vehicle veh 20 at pos (2980, None, None) with soc 0.9718933351945223 leg status VRL_STATES.IDLE remaining time None number remaining legs: 0 ob : [] at depot <src.infra.ChargingInfrastructure.Depot object at 0x00000265B5ABA710> (plan time: 780)
23864-src.fleetctrl.fleetsizing.DynamicFleetSizingBase-INFO-Activating vehicle veh 20 at pos (2980, None, None) with soc 0.9718933351945223 leg status VRL_STATES.OUT_OF_SERVICE remaining time 9999940 number remaining legs: 1 ob : [] from depot <src.infra.ChargingInfrastructure.Depot object at 0x00000265B5ABA710> (plan time: 840)
23864-src.fleetctrl.fleetsizing.DynamicFleetSizingBase-INFO-Activating vehicle veh 21 at pos (2980, None, None) with soc 0.8335238681340207 leg status VRL_STATES.OUT_OF_SERVICE remaining time 34476.55815305504 number remaining legs: 3 ob : [] from depot <src.infra.ChargingInfrastructure.Depot object at 0x00000265B5ABA710> (plan time: 900)
23864-src.fleetctrl.FleetControlBase-WARNING-charging task ('op_0', '1_2_21_35376_39371') no longer assigned! -> cancel booking!
23864-src.fleetctrl.fleetsizing.DynamicFleetSizingBase-INFO-Activating vehicle veh 42 at pos (2980, None, None) with soc 0.8227942736897742 leg status VRL_STATES.OUT_OF_SERVICE remaining time 33750.224952078956 number remaining legs: 3 ob : [] from depot <src.infra.ChargingInfrastructure.Depot object at 0x00000265B5ABA710> (plan time: 900)
23864-src.fleetctrl.FleetControlBase-WARNING-charging task ('op_0', '1_0_42_34650_38903') no longer assigned! -> cancel booking!
23864-src.fleetctrl.fleetsizing.DynamicFleetSizingBase-INFO-Activating vehicle veh 23 at pos (2980, None, None) with soc 0.8197824227039717 leg status VRL_STATES.OUT_OF_SERVICE remaining time 9378.323696343754 number remaining legs: 3 ob : [] from depot <src.infra.ChargingInfrastructure.Depot object at 0x00000265B5ABA710> (plan time: 960)
23864-src.fleetctrl.FleetControlBase-WARNING-charging task ('op_0', '1_4_23_10338_14663') no longer assigned! -> cancel booking!
23864-src.fleetctrl.fleetsizing.DynamicFleetSizingBase-INFO-Activating vehicle veh 38 at pos (2980, None, None) with soc 0.8083019283827528 leg status VRL_STATES.OUT_OF_SERVICE remaining time 33274.17392370596 number remaining legs: 3 ob : [] from depot <src.infra.ChargingInfrastructure.Depot object at 0x00000265B5ABA710> (plan time: 960)
23864-src.fleetctrl.FleetControlBase-WARNING-charging task ('op_0', '1_3_38_34234_38834') no longer assigned! -> cancel booking!
23864-src.fleetctrl.fleetsizing.DynamicFleetSizingBase-INFO-Activating vehicle veh 35 at pos (2980, None, None) with soc 0.784104530770277 leg status VRL_STATES.OUT_OF_SERVICE remaining time 8228.843034695297 number remaining legs: 3 ob : [] from depot <src.infra.ChargingInfrastructure.Depot object at 0x00000265B5ABA710> (plan time: 1020)
23864-src.fleetctrl.FleetControlBase-WARNING-charging task ('op_0', '1_2_35_9248_14430') no longer assigned! -> cancel booking!
23864-src.fleetctrl.fleetsizing.DynamicFleetSizingBase-INFO-Activating vehicle veh 36 at pos (2980, None, None) with soc 0.7723141524921925 leg status VRL_STATES.OUT_OF_SERVICE remaining time 7977.233235906973 number remaining legs: 3 ob : [] from depot <src.infra.ChargingInfrastructure.Depot object at 0x00000265B5ABA710> (plan time: 1020)
23864-src.fleetctrl.FleetControlBase-WARNING-charging task ('op_0', '1_3_36_8997_14461') no longer assigned! -> cancel booking!
23864-src.fleetctrl.fleetsizing.DynamicFleetSizingBase-INFO-Activating vehicle veh 48 at pos (2980, None, None) with soc 0.7641578391645912 leg status VRL_STATES.OUT_OF_SERVICE remaining time 48608.078870133446 number remaining legs: 3 ob : [] from depot <src.infra.ChargingInfrastructure.Depot object at 0x00000265B5ABA710> (plan time: 1080)
23864-src.fleetctrl.FleetControlBase-WARNING-charging task ('op_0', '1_3_48_49688_55348') no longer assigned! -> cancel booking!
23864-src.fleetctrl.fleetsizing.DynamicFleetSizingBase-INFO-Activating vehicle veh 10 at pos (2980, None, None) with soc 0.7592212930986462 leg status VRL_STATES.CHARGING remaining time 5778.688965632472 number remaining legs: 2 ob : [] from depot <src.infra.ChargingInfrastructure.Depot object at 0x00000265B5ABA710> (plan time: 1140)
23864-src.fleetctrl.fleetsizing.DynamicFleetSizingBase-INFO-Activating vehicle veh 26 at pos (2980, None, None) with soc 0.7523309699952608 leg status VRL_STATES.CHARGING remaining time 5944.056720113716 number remaining legs: 2 ob : [] from depot <src.infra.ChargingInfrastructure.Depot object at 0x00000265B5ABA710> (plan time: 1200)
23864-src.fleetctrl.fleetsizing.DynamicFleetSizingBase-INFO-Activating vehicle veh 47 at pos (2980, None, None) with soc 0.7183380623717271 leg status VRL_STATES.OUT_OF_SERVICE remaining time 28946.226185915737 number remaining legs: 3 ob : [] from depot <src.infra.ChargingInfrastructure.Depot object at 0x00000265B5ABA710> (plan time: 1200)
23864-src.fleetctrl.FleetControlBase-WARNING-charging task ('op_0', '1_1_47_30146_36906') no longer assigned! -> cancel booking!
23864-src.fleetctrl.fleetsizing.DynamicFleetSizingBase-INFO-Activating vehicle veh 3 at pos (2980, None, None) with soc 0.7069501754095149 leg status VRL_STATES.OUT_OF_SERVICE remaining time 26357.02916190731 number remaining legs: 3 ob : [] from depot <src.infra.ChargingInfrastructure.Depot object at 0x00000265B5ABA710> (plan time: 1260)
23864-src.fleetctrl.FleetControlBase-WARNING-charging task ('op_0', '1_0_3_27617_34650') no longer assigned! -> cancel booking!
23864-src.fleetctrl.fleetsizing.DynamicFleetSizingBase-INFO-Activating vehicle veh 31 at pos (2980, None, None) with soc 0.6840981503676238 leg status VRL_STATES.OUT_OF_SERVICE remaining time 47596.09909702483 number remaining legs: 3 ob : [] from depot <src.infra.ChargingInfrastructure.Depot object at 0x00000265B5ABA710> (plan time: 1260)
23864-src.fleetctrl.FleetControlBase-WARNING-charging task ('op_0', '1_1_31_48856_56437') no longer assigned! -> cancel booking!
23864-src.fleetctrl.fleetsizing.DynamicFleetSizingBase-INFO-Activating vehicle veh 4 at pos (2980, None, None) with soc 0.6816740636234911 leg status VRL_STATES.OUT_OF_SERVICE remaining time 25274.351450669747 number remaining legs: 3 ob : [] from depot <src.infra.ChargingInfrastructure.Depot object at 0x00000265B5ABA710> (plan time: 1320)
23864-src.fleetctrl.FleetControlBase-WARNING-charging task ('op_0', '1_3_4_26594_34234') no longer assigned! -> cancel booking!
23864-src.fleetctrl.fleetsizing.DynamicFleetSizingBase-INFO-Activating vehicle veh 6 at pos (2980, None, None) with soc 0.6801152818372085 leg status VRL_STATES.CHARGING remaining time 7677.2332359069715 number remaining legs: 2 ob : [] from depot <src.infra.ChargingInfrastructure.Depot object at 0x00000265B5ABA710> (plan time: 1320)
23864-src.fleetctrl.fleetsizing.DynamicFleetSizingBase-INFO-Activating vehicle veh 22 at pos (2980, None, None) with soc 0.6721315402210283 leg status VRL_STATES.CHARGING remaining time 7868.8430346952955 number remaining legs: 2 ob : [] from depot <src.infra.ChargingInfrastructure.Depot object at 0x00000265B5ABA710> (plan time: 1380)
23864-src.fleetctrl.fleetsizing.DynamicFleetSizingBase-INFO-Activating vehicle veh 19 at pos (2980, None, None) with soc 0.6264854082525251 leg status VRL_STATES.OUT_OF_SERVICE remaining time 25032.20795111564 number remaining legs: 3 ob : [] from depot <src.infra.ChargingInfrastructure.Depot object at 0x00000265B5ABA710> (plan time: 1380)
23864-src.fleetctrl.FleetControlBase-WARNING-charging task ('op_0', '1_2_19_26412_35376') no longer assigned! -> cancel booking!
23864-src.fleetctrl.fleetsizing.DynamicFleetSizingBase-INFO-Activating vehicle veh 12 at pos (2980, None, None) with soc 0.6019702553792197 leg status VRL_STATES.CHARGING remaining time 9552.713870898699 number remaining legs: 2 ob : [] from depot <src.infra.ChargingInfrastructure.Depot object at 0x00000265B5ABA710> (plan time: 1440)
23864-src.fleetctrl.fleetsizing.DynamicFleetSizingBase-INFO-Activating vehicle veh 24 at pos (2980, None, None) with soc 0.5914143591557383 leg status VRL_STATES.OUT_OF_SERVICE remaining time 24697.8650016204 number remaining legs: 3 ob : [] from depot <src.infra.ChargingInfrastructure.Depot object at 0x00000265B5ABA710> (plan time: 1500)
23864-src.fleetctrl.FleetControlBase-WARNING-charging task ('op_0', '1_4_24_26197_36003') no longer assigned! -> cancel booking!
23864-src.fleetctrl.fleetsizing.DynamicFleetSizingBase-INFO-Activating vehicle veh 13 at pos (2980, None, None) with soc 0.58039032397964 leg status VRL_STATES.OUT_OF_SERVICE remaining time 38400.11537888156 number remaining legs: 3 ob : [] from depot <src.infra.ChargingInfrastructure.Depot object at 0x00000265B5ABA710> (plan time: 1560)
23864-src.fleetctrl.FleetControlBase-WARNING-charging task ('op_0', '1_4_13_39960_50030') no longer assigned! -> cancel booking!
23864-src.fleetctrl.fleetsizing.DynamicFleetSizingBase-INFO-Activating vehicle veh 32 at pos (2966, None, None) with soc 0.9338177485379386 leg status VRL_STATES.CHARGING remaining time 794.187017544738 number remaining legs: 2 ob : [] from depot <src.infra.ChargingInfrastructure.Depot object at 0x00000265B5ABA680> (plan time: 1620)
23864-src.fleetctrl.fleetsizing.DynamicFleetSizingBase-INFO-Activating vehicle veh 25 at pos (2980, None, None) with soc 0.5689310826569409 leg status VRL_STATES.OUT_OF_SERVICE remaining time 18180.57216968232 number remaining legs: 3 ob : [] from depot <src.infra.ChargingInfrastructure.Depot object at 0x00000265B5ABA710> (plan time: 1620)
23864-src.fleetctrl.FleetControlBase-WARNING-charging task ('op_0', '1_1_25_19800_30146') no longer assigned! -> cancel booking!
23864-src.fleetctrl.fleetsizing.DynamicFleetSizingBase-INFO-Activating vehicle veh 8 at pos (2966, None, None) with soc 0.916309922773969 leg status VRL_STATES.OUT_OF_SERVICE remaining time 734.187017544738 number remaining legs: 3 ob : [] from depot <src.infra.ChargingInfrastructure.Depot object at 0x00000265B5ABA680> (plan time: 1680)
23864-src.fleetctrl.FleetControlBase-WARNING-charging task ('op_0', '0_0_8_2414_3418') no longer assigned! -> cancel booking!
23864-src.fleetctrl.fleetsizing.DynamicFleetSizingBase-INFO-Activating vehicle veh 7 at pos (2980, None, None) with soc 0.5641987138645684 leg status VRL_STATES.OUT_OF_SERVICE remaining time 37691.985317838546 number remaining legs: 3 ob : [] from depot <src.infra.ChargingInfrastructure.Depot object at 0x00000265B5ABA710> (plan time: 1680)
23864-src.fleetctrl.FleetControlBase-WARNING-charging task ('op_0', '1_2_7_39371_49831') no longer assigned! -> cancel booking!
23864-src.fleetctrl.fleetsizing.DynamicFleetSizingBase-INFO-Activating vehicle veh 11 at pos (2966, None, None) with soc 0.8994669260694435 leg status VRL_STATES.OUT_OF_SERVICE remaining time 25566.723627676867 number remaining legs: 3 ob : [] from depot <src.infra.ChargingInfrastructure.Depot object at 0x00000265B5ABA680> (plan time: 1740)
23864-src.fleetctrl.FleetControlBase-WARNING-charging task ('op_0', '0_0_11_27306_28513') no longer assigned! -> cancel booking!
23864-src.fleetctrl.fleetsizing.DynamicFleetSizingBase-INFO-Activating vehicle veh 0 at pos (2980, None, None) with soc 0.5591825376293018 leg status VRL_STATES.OUT_OF_SERVICE remaining time 15297.41006501055 number remaining legs: 3 ob : [] from depot <src.infra.ChargingInfrastructure.Depot object at 0x00000265B5ABA710> (plan time: 1740)
23864-src.fleetctrl.FleetControlBase-WARNING-charging task ('op_0', '1_0_0_17037_27617') no longer assigned! -> cancel booking!
23864-src.fleetctrl.fleetsizing.DynamicFleetSizingBase-INFO-Activating vehicle veh 9 at pos (2966, None, None) with soc 0.8461007855593514 leg status VRL_STATES.OUT_OF_SERVICE remaining time 23659.933054389083 number remaining legs: 3 ob : [] from depot <src.infra.ChargingInfrastructure.Depot object at 0x00000265B5ABA680> (plan time: 1800)
23864-src.fleetctrl.FleetControlBase-WARNING-charging task ('op_0', '0_0_9_25459_27306') no longer assigned! -> cancel booking!
23864-src.fleetctrl.fleetsizing.DynamicFleetSizingBase-INFO-to deactivate: 1
23864-src.fleetctrl.fleetsizing.DynamicFleetSizingBase-INFO-Deactivating vehicle veh 6 at pos (2980, None, None) with soc 0.705115281837208 leg status VRL_STATES.CHARGING remaining time 7077.2332359069715 number remaining legs: 1 ob : [] at depot <src.infra.ChargingInfrastructure.Depot object at 0x00000265B5ABA710> (plan time: 1920)
23864-src.fleetctrl.fleetsizing.DynamicFleetSizingBase-INFO-to deactivate: 1
23864-src.fleetctrl.fleetsizing.DynamicFleetSizingBase-INFO-Deactivating vehicle veh 10 at pos (2980, None, None) with soc 0.7942212930986454 leg status VRL_STATES.CHARGING remaining time 4938.688965632472 number remaining legs: 1 ob : [] at depot <src.infra.ChargingInfrastructure.Depot object at 0x00000265B5ABA710> (plan time: 1980)
23864-src.fleetctrl.fleetsizing.DynamicFleetSizingBase-INFO-Activating vehicle veh 10 at pos (2980, None, None) with soc 0.7992212930986453 leg status VRL_STATES.CHARGING remaining time 4818.688965632472 number remaining legs: 2 ob : [] from depot <src.infra.ChargingInfrastructure.Depot object at 0x00000265B5ABA710> (plan time: 2100)
23864-src.fleetctrl.fleetsizing.DynamicFleetSizingBase-INFO-Activating vehicle veh 6 at pos (2980, None, None) with soc 0.7151152818372077 leg status VRL_STATES.CHARGING remaining time 6837.2332359069715 number remaining legs: 2 ob : [] from depot <src.infra.ChargingInfrastructure.Depot object at 0x00000265B5ABA710> (plan time: 2160)
23864-src.fleetctrl.fleetsizing.DynamicFleetSizingBase-INFO-Activating vehicle veh 28 at pos (2980, None, None) with soc 0.5549812076518829 leg status VRL_STATES.OUT_OF_SERVICE remaining time 13511.756934760826 number remaining legs: 3 ob : [] from depot <src.infra.ChargingInfrastructure.Depot object at 0x00000265B5ABA710> (plan time: 2220)
23864-src.fleetctrl.FleetControlBase-WARNING-charging task ('op_0', '1_2_28_15731_26412') no longer assigned! -> cancel booking!
23864-src.fleetctrl.fleetsizing.DynamicFleetSizingBase-INFO-to deactivate: 1
23864-src.fleetctrl.fleetsizing.DynamicFleetSizingBase-INFO-Deactivating vehicle veh 6 at pos (2980, None, None) with soc 0.7201152818372076 leg status VRL_STATES.CHARGING remaining time 6717.2332359069715 number remaining legs: 1 ob : [] at depot <src.infra.ChargingInfrastructure.Depot object at 0x00000265B5ABA710> (plan time: 2280)
23864-src.fleetctrl.fleetsizing.DynamicFleetSizingBase-INFO-Activating vehicle veh 6 at pos (2980, None, None) with soc 0.7226152818372076 leg status VRL_STATES.CHARGING remaining time 6657.2332359069715 number remaining legs: 2 ob : [] from depot <src.infra.ChargingInfrastructure.Depot object at 0x00000265B5ABA710> (plan time: 2340)
23864-src.fleetctrl.fleetsizing.DynamicFleetSizingBase-INFO-Activating vehicle veh 41 at pos (2966, None, None) with soc 0.8407687786412219 leg status VRL_STATES.OUT_OF_SERVICE remaining time 21149.158398083746 number remaining legs: 3 ob : [] from depot <src.infra.ChargingInfrastructure.Depot object at 0x00000265B5ABA680> (plan time: 2400)
23864-src.fleetctrl.FleetControlBase-WARNING-charging task ('op_0', '0_0_41_23549_25459') no longer assigned! -> cancel booking!
23864-src.fleetctrl.fleetsizing.DynamicFleetSizingBase-INFO-Activating vehicle veh 34 at pos (2980, None, None) with soc 0.5482610171846696 leg status VRL_STATES.OUT_OF_SERVICE remaining time 36503.16238352437 number remaining legs: 3 ob : [] from depot <src.infra.ChargingInfrastructure.Depot object at 0x00000265B5ABA710> (plan time: 2400)
23864-src.fleetctrl.FleetControlBase-WARNING-charging task ('op_0', '1_0_34_38903_49744') no longer assigned! -> cancel booking!
23864-src.fleetctrl.fleetsizing.DynamicFleetSizingBase-INFO-Activating vehicle veh 43 at pos (2966, None, None) with soc 0.8023104038336046 leg status VRL_STATES.OUT_OF_SERVICE remaining time 18716.883244087003 number remaining legs: 3 ob : [] from depot <src.infra.ChargingInfrastructure.Depot object at 0x00000265B5ABA680> (plan time: 2460)
23864-src.fleetctrl.FleetControlBase-WARNING-charging task ('op_0', '0_0_43_21176_23549') no longer assigned! -> cancel booking!
23864-src.fleetctrl.fleetsizing.DynamicFleetSizingBase-INFO-Activating vehicle veh 40 at pos (2980, None, None) with soc 0.5477853655161018 leg status VRL_STATES.OUT_OF_SERVICE remaining time 36314.92764251989 number remaining legs: 3 ob : [] from depot <src.infra.ChargingInfrastructure.Depot object at 0x00000265B5ABA710> (plan time: 2520)
23864-src.fleetctrl.FleetControlBase-WARNING-charging task ('op_0', '1_3_40_38834_49688') no longer assigned! -> cancel booking!
23864-src.fleetctrl.fleetsizing.DynamicFleetSizingBase-INFO-Activating vehicle veh 37 at pos (2966, None, None) with soc 0.7342132447849324 leg status VRL_STATES.OUT_OF_SERVICE remaining time 15467.44218150619 number remaining legs: 3 ob : [] from depot <src.infra.ChargingInfrastructure.Depot object at 0x00000265B5ABA680> (plan time: 2520)
23864-src.fleetctrl.FleetControlBase-WARNING-charging task ('op_0', '0_0_37_17987_21176') no longer assigned! -> cancel booking!
23864-src.fleetctrl.fleetsizing.DynamicFleetSizingBase-INFO-Activating vehicle veh 44 at pos (2980, None, None) with soc 0.5299519287775074 leg status VRL_STATES.OUT_OF_SERVICE remaining time 12793.197741329926 number remaining legs: 3 ob : [] from depot <src.infra.ChargingInfrastructure.Depot object at 0x00000265B5ABA710> (plan time: 2520)
23864-src.fleetctrl.FleetControlBase-WARNING-charging task ('op_0', '1_3_44_15313_26594') no longer assigned! -> cancel booking!
23864-src.fleetctrl.fleetsizing.DynamicFleetSizingBase-INFO-Activating vehicle veh 45 at pos (2966, None, None) with soc 0.6915793885023691 leg status VRL_STATES.OUT_OF_SERVICE remaining time 11706.39484353462 number remaining legs: 3 ob : [] from depot <src.infra.ChargingInfrastructure.Depot object at 0x00000265B5ABA680> (plan time: 2580)
23864-src.fleetctrl.FleetControlBase-WARNING-charging task ('op_0', '0_0_45_14286_17987') no longer assigned! -> cancel booking!
23864-src.fleetctrl.fleetsizing.DynamicFleetSizingBase-INFO-Activating vehicle veh 46 at pos (2980, None, None) with soc 0.5194033562428346 leg status VRL_STATES.OUT_OF_SERVICE remaining time 12083.545551448433 number remaining legs: 3 ob : [] from depot <src.infra.ChargingInfrastructure.Depot object at 0x00000265B5ABA710> (plan time: 2580)
23864-src.fleetctrl.FleetControlBase-WARNING-charging task ('op_0', '1_4_46_14663_26197') no longer assigned! -> cancel booking!
23864-src.fleetctrl.fleetsizing.DynamicFleetSizingBase-INFO-Activating vehicle veh 16 at pos (2966, None, None) with soc 0.5509100493350957 leg status VRL_STATES.OUT_OF_SERVICE remaining time 6257.315435555767 number remaining legs: 3 ob : [] from depot <src.infra.ChargingInfrastructure.Depot object at 0x00000265B5ABA680> (plan time: 2640)
23864-src.fleetctrl.FleetControlBase-WARNING-charging task ('op_0', '0_0_16_8897_14286') no longer assigned! -> cancel booking!
23864-src.fleetctrl.fleetsizing.DynamicFleetSizingBase-INFO-to deactivate: 1
23864-src.fleetctrl.fleetsizing.DynamicFleetSizingBase-INFO-Deactivating vehicle veh 49 at pos (2969, None, None) with soc 0.5580056199227528 leg status VRL_STATES.IDLE remaining time None number remaining legs: 0 ob : [] at depot <src.infra.ChargingInfrastructure.Depot object at 0x00000265B5ABA710> (plan time: 2760)
23864-src.fleetctrl.fleetsizing.DynamicFleetSizingBase-INFO-to deactivate: 1
23864-src.fleetctrl.fleetsizing.DynamicFleetSizingBase-INFO-Deactivating vehicle veh 6 at pos (2980, None, None) with soc 0.7426152818372072 leg status VRL_STATES.CHARGING remaining time 6177.2332359069715 number remaining legs: 1 ob : [] at depot <src.infra.ChargingInfrastructure.Depot object at 0x00000265B5ABA710> (plan time: 2820)
23864-src.fleetctrl.fleetsizing.DynamicFleetSizingBase-INFO-Activating vehicle veh 6 at pos (2980, None, None) with soc 0.7451152818372071 leg status VRL_STATES.CHARGING remaining time 6117.2332359069715 number remaining legs: 2 ob : [] from depot <src.infra.ChargingInfrastructure.Depot object at 0x00000265B5ABA710> (plan time: 2880)
23864-src.fleetctrl.fleetsizing.DynamicFleetSizingBase-INFO-Activating vehicle veh 27 at pos (2980, None, None) with soc 0.5099263340874909 leg status VRL_STATES.OUT_OF_SERVICE remaining time 5158.804187782102 number remaining legs: 3 ob : [] from depot <src.infra.ChargingInfrastructure.Depot object at 0x00000265B5ABA710> (plan time: 2880)
23864-src.fleetctrl.FleetControlBase-WARNING-charging task ('op_0', '1_1_27_8038_19800') no longer assigned! -> cancel booking!
23864-src.fleetctrl.fleetsizing.DynamicFleetSizingBase-INFO-Activating vehicle veh 49 at pos (2980, None, None) with soc 0.5578275319629625 leg status VRL_STATES.OUT_OF_SERVICE remaining time 9999975.085112216 number remaining legs: 1 ob : [] from depot <src.infra.ChargingInfrastructure.Depot object at 0x00000265B5ABA710> (plan time: 2940)
23864-src.fleetctrl.fleetsizing.DynamicFleetSizingBase-INFO-Activating vehicle veh 5 at pos (2966, None, None) with soc 0.5434293757251119 leg status VRL_STATES.OUT_OF_SERVICE remaining time 478.46794425710914 number remaining legs: 3 ob : [] from depot <src.infra.ChargingInfrastructure.Depot object at 0x00000265B5ABA680> (plan time: 2940)
23864-src.fleetctrl.FleetControlBase-WARNING-charging task ('op_0', '0_0_5_3418_8897') no longer assigned! -> cancel booking!
23864-src.fleetctrl.fleetsizing.DynamicFleetSizingBase-INFO-Activating vehicle veh 33 at pos (2980, None, None) with soc 0.5020838996653938 leg status VRL_STATES.OUT_OF_SERVICE remaining time 33906.11268899428 number remaining legs: 3 ob : [] from depot <src.infra.ChargingInfrastructure.Depot object at 0x00000265B5ABA710> (plan time: 3000)
23864-src.fleetctrl.FleetControlBase-WARNING-charging task ('op_0', '1_1_33_36906_48856') no longer assigned! -> cancel booking!
23864-src.fleetctrl.fleetsizing.DynamicFleetSizingBase-INFO-to deactivate: 1
23864-src.fleetctrl.fleetsizing.DynamicFleetSizingBase-INFO-Deactivating vehicle veh 5 at pos (2966, None, None) with soc 0.5434293757251119 leg status VRL_STATES.IDLE remaining time None number remaining legs: 0 ob : [] at depot <src.infra.ChargingInfrastructure.Depot object at 0x00000265B5ABA680> (plan time: 3480)
23864-src.fleetctrl.fleetsizing.DynamicFleetSizingBase-INFO-to deactivate: 1
23864-src.fleetctrl.fleetsizing.DynamicFleetSizingBase-INFO-Deactivating vehicle veh 6 at pos (2980, None, None) with soc 0.7726152818372065 leg status VRL_STATES.CHARGING remaining time 5457.2332359069715 number remaining legs: 1 ob : [] at depot <src.infra.ChargingInfrastructure.Depot object at 0x00000265B5ABA710> (plan time: 3540)
23864-src.fleetctrl.fleetsizing.DynamicFleetSizingBase-INFO-to deactivate: 1
23864-src.fleetctrl.fleetsizing.DynamicFleetSizingBase-INFO-Deactivating vehicle veh 8 at pos (2983, None, None) with soc 0.9151930419396256 leg status VRL_STATES.BOARDING remaining time 17.50530195645024 number remaining legs: 3 ob : [49] at depot <src.infra.ChargingInfrastructure.Depot object at 0x00000265B5ABA710> (plan time: 3660)
23864-src.fleetctrl.fleetsizing.DynamicFleetSizingBase-INFO-Activating vehicle veh 6 at pos (2980, None, None) with soc 0.7801152818372064 leg status VRL_STATES.CHARGING remaining time 5277.2332359069715 number remaining legs: 2 ob : [] from depot <src.infra.ChargingInfrastructure.Depot object at 0x00000265B5ABA710> (plan time: 3720)
23864-src.fleetctrl.fleetsizing.DynamicFleetSizingBase-INFO-Activating vehicle veh 5 at pos (2966, None, None) with soc 0.5584293757251119 leg status VRL_STATES.CHARGING remaining time 5298.8474912986585 number remaining legs: 2 ob : [] from depot <src.infra.ChargingInfrastructure.Depot object at 0x00000265B5ABA680> (plan time: 3720)
23864-src.fleetctrl.fleetsizing.UtilizationBasedFS-WARNING-error in activate list
23864-src.fleetctrl.fleetsizing.UtilizationBasedFS-WARNING-error in activate list
23864-src.fleetctrl.fleetsizing.DynamicFleetSizingBase-INFO-Activating vehicle veh 8 at pos (2980, None, None) with soc 0.915027971885 leg status VRL_STATES.OUT_OF_SERVICE remaining time 9999950.80194861 number remaining legs: 1 ob : [] from depot <src.infra.ChargingInfrastructure.Depot object at 0x00000265B5ABA710> (plan time: 3960)
23864-src.fleetctrl.fleetsizing.DynamicFleetSizingBase-INFO-to deactivate: 1
23864-src.fleetctrl.fleetsizing.DynamicFleetSizingBase-INFO-Deactivating vehicle veh 8 at pos (2980, None, None) with soc 0.915027971885 leg status VRL_STATES.IDLE remaining time None number remaining legs: 0 ob : [] at depot <src.infra.ChargingInfrastructure.Depot object at 0x00000265B5ABA710> (plan time: 4020)
23864-src.fleetctrl.fleetsizing.DynamicFleetSizingBase-INFO-to deactivate: 1
23864-src.fleetctrl.fleetsizing.DynamicFleetSizingBase-INFO-Deactivating vehicle veh 49 at pos (2982, None, None) with soc 0.5569642867692184 leg status VRL_STATES.IDLE remaining time None number remaining legs: 0 ob : [] at depot <src.infra.ChargingInfrastructure.Depot object at 0x00000265B5ABA710> (plan time: 4080)
23864-src.fleetctrl.fleetsizing.DynamicFleetSizingBase-INFO-Activating vehicle veh 8 at pos (2980, None, None) with soc 0.915027971885 leg status VRL_STATES.OUT_OF_SERVICE remaining time 2778.6889656325548 number remaining legs: 3 ob : [] from depot <src.infra.ChargingInfrastructure.Depot object at 0x00000265B5ABA710> (plan time: 4140)
23864-src.fleetctrl.FleetControlBase-WARNING-charging task ('op_0', '1_4_8_6918_8958') no longer assigned! -> cancel booking!
23864-src.fleetctrl.fleetsizing.DynamicFleetSizingBase-INFO-to deactivate: 1
23864-src.fleetctrl.fleetsizing.DynamicFleetSizingBase-INFO-Deactivating vehicle veh 5 at pos (2966, None, None) with soc 0.5984293757251119 leg status VRL_STATES.CHARGING remaining time 4818.8474912986585 number remaining legs: 1 ob : [] at depot <src.infra.ChargingInfrastructure.Depot object at 0x00000265B5ABA680> (plan time: 4200)
23864-src.fleetctrl.fleetsizing.DynamicFleetSizingBase-INFO-to deactivate: 1
23864-src.fleetctrl.fleetsizing.DynamicFleetSizingBase-INFO-Deactivating vehicle veh 20 at pos (2992, None, None) with soc 0.9692407823940111 leg status VRL_STATES.IDLE remaining time None number remaining legs: 0 ob : [] at depot <src.infra.ChargingInfrastructure.Depot object at 0x00000265B5ABA680> (plan time: 4260)
23864-src.fleetctrl.fleetsizing.DynamicFleetSizingBase-INFO-Activating vehicle veh 5 at pos (2966, None, None) with soc 0.6084293757251119 leg status VRL_STATES.CHARGING remaining time 4698.8474912986585 number remaining legs: 2 ob : [] from depot <src.infra.ChargingInfrastructure.Depot object at 0x00000265B5ABA680> (plan time: 4320)
23864-src.fleetctrl.fleetsizing.UtilizationBasedFS-WARNING-error in activate list
23864-src.fleetctrl.fleetsizing.DynamicFleetSizingBase-INFO-Activating vehicle veh 20 at pos (2966, None, None) with soc 0.9690994114834913 leg status VRL_STATES.OUT_OF_SERVICE remaining time 9999978.424886674 number remaining legs: 1 ob : [] from depot <src.infra.ChargingInfrastructure.Depot object at 0x00000265B5ABA680> (plan time: 4440)
23864-src.fleetctrl.fleetsizing.DynamicFleetSizingBase-INFO-Activating vehicle veh 49 at pos (2980, None, None) with soc 0.5568368477629625 leg status VRL_STATES.OUT_OF_SERVICE remaining time 2478.6889656325584 number remaining legs: 3 ob : [] from depot <src.infra.ChargingInfrastructure.Depot object at 0x00000265B5ABA710> (plan time: 4440)
23864-src.fleetctrl.FleetControlBase-WARNING-charging task ('op_0', '1_4_49_6918_17554') no longer assigned! -> cancel booking!
23864-src.fleetctrl.fleetsizing.DynamicFleetSizingBase-INFO-to deactivate: 1
23864-src.fleetctrl.fleetsizing.DynamicFleetSizingBase-INFO-Deactivating vehicle veh 20 at pos (2966, None, None) with soc 0.9690994114834913 leg status VRL_STATES.IDLE remaining time None number remaining legs: 0 ob : [] at depot <src.infra.ChargingInfrastructure.Depot object at 0x00000265B5ABA680> (plan time: 4500)
23864-src.fleetctrl.fleetsizing.DynamicFleetSizingBase-INFO-Activating vehicle veh 20 at pos (2966, None, None) with soc 0.9690994114834913 leg status VRL_STATES.OUT_OF_SERVICE remaining time 9999940 number remaining legs: 1 ob : [] from depot <src.infra.ChargingInfrastructure.Depot object at 0x00000265B5ABA680> (plan time: 4560)
23864-src.fleetctrl.fleetsizing.DynamicFleetSizingBase-INFO-to deactivate: 1
23864-src.fleetctrl.fleetsizing.DynamicFleetSizingBase-INFO-Deactivating vehicle veh 5 at pos (2966, None, None) with soc 0.688429375725112 leg status VRL_STATES.CHARGING remaining time 3738.8474912986585 number remaining legs: 1 ob : [] at depot <src.infra.ChargingInfrastructure.Depot object at 0x00000265B5ABA680> (plan time: 5280)
23864-src.fleetctrl.fleetsizing.DynamicFleetSizingBase-INFO-to deactivate: 1
23864-src.fleetctrl.fleetsizing.DynamicFleetSizingBase-INFO-Deactivating vehicle veh 6 at pos (2980, None, None) with soc 0.8476152818372049 leg status VRL_STATES.CHARGING remaining time 3657.2332359069715 number remaining legs: 1 ob : [] at depot <src.infra.ChargingInfrastructure.Depot object at 0x00000265B5ABA710> (plan time: 5340)
23864-src.fleetctrl.fleetsizing.DynamicFleetSizingBase-INFO-Activating vehicle veh 5 at pos (2966, None, None) with soc 0.698429375725112 leg status VRL_STATES.CHARGING remaining time 3618.8474912986585 number remaining legs: 2 ob : [] from depot <src.infra.ChargingInfrastructure.Depot object at 0x00000265B5ABA680> (plan time: 5400)
23864-src.fleetctrl.fleetsizing.DynamicFleetSizingBase-INFO-Activating vehicle veh 6 at pos (2980, None, None) with soc 0.8501152818372049 leg status VRL_STATES.CHARGING remaining time 3597.2332359069715 number remaining legs: 2 ob : [] from depot <src.infra.ChargingInfrastructure.Depot object at 0x00000265B5ABA710> (plan time: 5400)
23864-src.fleetctrl.fleetsizing.DynamicFleetSizingBase-INFO-to deactivate: 1
23864-src.fleetctrl.fleetsizing.DynamicFleetSizingBase-INFO-Deactivating vehicle veh 5 at pos (2966, None, None) with soc 0.743429375725112 leg status VRL_STATES.CHARGING remaining time 3078.8474912986585 number remaining legs: 1 ob : [] at depot <src.infra.ChargingInfrastructure.Depot object at 0x00000265B5ABA680> (plan time: 5940)
23864-src.fleetctrl.fleetsizing.DynamicFleetSizingBase-INFO-to deactivate: 1
23864-src.fleetctrl.fleetsizing.DynamicFleetSizingBase-INFO-Deactivating vehicle veh 6 at pos (2980, None, None) with soc 0.8751152818372043 leg status VRL_STATES.CHARGING remaining time 2997.2332359069715 number remaining legs: 1 ob : [] at depot <src.infra.ChargingInfrastructure.Depot object at 0x00000265B5ABA710> (plan time: 6000)
23864-src.fleetctrl.fleetsizing.DynamicFleetSizingBase-INFO-to deactivate: 1
23864-src.fleetctrl.fleetsizing.DynamicFleetSizingBase-INFO-Deactivating vehicle veh 10 at pos (2980, None, None) with soc 0.9642212930986418 leg status VRL_STATES.CHARGING remaining time 858.688965632472 number remaining legs: 1 ob : [] at depot <src.infra.ChargingInfrastructure.Depot object at 0x00000265B5ABA710> (plan time: 6060)
23864-src.fleetctrl.fleetsizing.DynamicFleetSizingBase-INFO-to deactivate: 1
23864-src.fleetctrl.fleetsizing.DynamicFleetSizingBase-INFO-Deactivating vehicle veh 20 at pos (2987, None, None) with soc 0.9678324166071983 leg status VRL_STATES.IDLE remaining time None number remaining legs: 0 ob : [] at depot <src.infra.ChargingInfrastructure.Depot object at 0x00000265B5ABA710> (plan time: 6120)
23864-src.fleetctrl.fleetsizing.DynamicFleetSizingBase-INFO-Activating vehicle veh 10 at pos (2980, None, None) with soc 0.9717212930986416 leg status VRL_STATES.CHARGING remaining time 678.688965632472 number remaining legs: 2 ob : [] from depot <src.infra.ChargingInfrastructure.Depot object at 0x00000265B5ABA710> (plan time: 6240)
23864-src.fleetctrl.fleetsizing.DynamicFleetSizingBase-INFO-Activating vehicle veh 6 at pos (2980, None, None) with soc 0.8876152818372041 leg status VRL_STATES.CHARGING remaining time 2697.2332359069715 number remaining legs: 2 ob : [] from depot <src.infra.ChargingInfrastructure.Depot object at 0x00000265B5ABA710> (plan time: 6300)
23864-src.fleetctrl.fleetsizing.DynamicFleetSizingBase-INFO-Activating vehicle veh 5 at pos (2966, None, None) with soc 0.7784293757251121 leg status VRL_STATES.CHARGING remaining time 2658.8474912986585 number remaining legs: 2 ob : [] from depot <src.infra.ChargingInfrastructure.Depot object at 0x00000265B5ABA680> (plan time: 6360)
23864-src.fleetctrl.fleetsizing.DynamicFleetSizingBase-INFO-Activating vehicle veh 20 at pos (2980, None, None) with soc 0.9675806717945223 leg status VRL_STATES.OUT_OF_SERVICE remaining time 9999964.656958293 number remaining legs: 1 ob : [] from depot <src.infra.ChargingInfrastructure.Depot object at 0x00000265B5ABA710> (plan time: 6420)
23864-src.fleetctrl.fleetsizing.DynamicFleetSizingBase-INFO-to deactivate: 1
23864-src.fleetctrl.fleetsizing.DynamicFleetSizingBase-INFO-Deactivating vehicle veh 20 at pos (2980, None, None) with soc 0.9675806717945223 leg status VRL_STATES.IDLE remaining time None number remaining legs: 0 ob : [] at depot <src.infra.ChargingInfrastructure.Depot object at 0x00000265B5ABA710> (plan time: 6480)
23864-src.fleetctrl.fleetsizing.DynamicFleetSizingBase-INFO-Activating vehicle veh 20 at pos (2980, None, None) with soc 0.9675806717945223 leg status VRL_STATES.OUT_OF_SERVICE remaining time 9999940 number remaining legs: 1 ob : [] from depot <src.infra.ChargingInfrastructure.Depot object at 0x00000265B5ABA710> (plan time: 6540)
23864-src.fleetctrl.fleetsizing.DynamicFleetSizingBase-INFO-to deactivate: 3
23864-src.fleetctrl.fleetsizing.DynamicFleetSizingBase-INFO-Deactivating vehicle veh 8 at pos (2980, None, None) with soc 0.915027971885 leg status VRL_STATES.IDLE remaining time None number remaining legs: 0 ob : [] at depot <src.infra.ChargingInfrastructure.Depot object at 0x00000265B5ABA710> (plan time: 6960)
23864-src.fleetctrl.fleetsizing.DynamicFleetSizingBase-INFO-Deactivating vehicle veh 10 at pos (2980, None, None) with soc 0.999999999999994 leg status VRL_STATES.IDLE remaining time None number remaining legs: 0 ob : [] at depot <src.infra.ChargingInfrastructure.Depot object at 0x00000265B5ABA710> (plan time: 6960)
23864-src.fleetctrl.fleetsizing.DynamicFleetSizingBase-INFO-Deactivating vehicle veh 30 at pos (2980, None, None) with soc 0.8575152195536966 leg status VRL_STATES.IDLE remaining time None number remaining legs: 0 ob : [] at depot <src.infra.ChargingInfrastructure.Depot object at 0x00000265B5ABA710> (plan time: 6960)
23864-src.fleetctrl.fleetsizing.DynamicFleetSizingBase-INFO-Activating vehicle veh 10 at pos (2980, None, None) with soc 0.999999999999994 leg status VRL_STATES.OUT_OF_SERVICE remaining time 9999940 number remaining legs: 1 ob : [] from depot <src.infra.ChargingInfrastructure.Depot object at 0x00000265B5ABA710> (plan time: 7020)
23864-src.fleetctrl.fleetsizing.DynamicFleetSizingBase-INFO-to deactivate: 2
23864-src.fleetctrl.fleetsizing.DynamicFleetSizingBase-INFO-Deactivating vehicle veh 10 at pos (2980, None, None) with soc 0.999999999999994 leg status VRL_STATES.IDLE remaining time None number remaining legs: 0 ob : [] at depot <src.infra.ChargingInfrastructure.Depot object at 0x00000265B5ABA710> (plan time: 7080)
23864-src.fleetctrl.fleetsizing.DynamicFleetSizingBase-INFO-Deactivating vehicle veh 49 at pos (2980, None, None) with soc 0.5568368477629625 leg status VRL_STATES.IDLE remaining time None number remaining legs: 0 ob : [] at depot <src.infra.ChargingInfrastructure.Depot object at 0x00000265B5ABA710> (plan time: 7080)
23864-src.fleetctrl.fleetsizing.DynamicFleetSizingBase-INFO-Activating vehicle veh 10 at pos (2980, None, None) with soc 0.999999999999994 leg status VRL_STATES.OUT_OF_SERVICE remaining time 9999940 number remaining legs: 1 ob : [] from depot <src.infra.ChargingInfrastructure.Depot object at 0x00000265B5ABA710> (plan time: 7140)
23864-src.fleetctrl.fleetsizing.DynamicFleetSizingBase-INFO-Activating vehicle veh 8 at pos (2980, None, None) with soc 0.915027971885 leg status VRL_STATES.OUT_OF_SERVICE remaining time 4.056720113863776 number remaining legs: 3 ob : [] from depot <src.infra.ChargingInfrastructure.Depot object at 0x00000265B5ABA710> (plan time: 7140)
23864-src.fleetctrl.FleetControlBase-WARNING-charging task ('op_0', '1_1_8_7144_9183') no longer assigned! -> cancel booking!
23864-src.FleetSimulationBase-INFO-Saving final simulation state.
23864-src.FleetSimulationBase-INFO-record_remaining_assignments()
23864-src.FleetSimulationBase-INFO-	 time 7200, remaining tasks 18
23864-src.FleetSimulationBase-INFO-	 time 7260, remaining tasks 15
23864-src.FleetSimulationBase-INFO-	 time 7320, remaining tasks 12
23864-src.FleetSimulationBase-INFO-	 time 7380, remaining tasks 12
23864-src.FleetSimulationBase-INFO-	 time 7440, remaining tasks 10
23864-src.FleetSimulationBase-INFO-	 time 7500, remaining tasks 8
23864-src.FleetSimulationBase-INFO-	 time 7560, remaining tasks 8
23864-src.FleetSimulationBase-INFO-	 time 7620, remaining tasks 8
23864-src.FleetSimulationBase-INFO-	 time 7680, remaining tasks 8
23864-src.FleetSimulationBase-INFO-	 time 7740, remaining tasks 8
23864-src.FleetSimulationBase-INFO-	 time 7800, remaining tasks 8
23864-src.FleetSimulationBase-INFO-	 time 7860, remaining tasks 8
23864-src.FleetSimulationBase-INFO-	 time 7920, remaining tasks 8
23864-src.FleetSimulationBase-INFO-	 time 7980, remaining tasks 8
23864-src.FleetSimulationBase-INFO-	 time 8040, remaining tasks 8
23864-src.FleetSimulationBase-INFO-	 time 8100, remaining tasks 8
23864-src.FleetSimulationBase-INFO-	 time 8160, remaining tasks 8
23864-src.FleetSimulationBase-INFO-	 time 8220, remaining tasks 8
23864-src.FleetSimulationBase-INFO-	 time 8280, remaining tasks 8
23864-src.FleetSimulationBase-INFO-	 time 8340, remaining tasks 8
23864-src.FleetSimulationBase-INFO-	 time 8400, remaining tasks 8
23864-src.FleetSimulationBase-INFO-	 time 8460, remaining tasks 8
23864-src.FleetSimulationBase-INFO-	 time 8520, remaining tasks 8
23864-src.FleetSimulationBase-INFO-	 time 8580, remaining tasks 8
23864-src.FleetSimulationBase-INFO-	 time 8640, remaining tasks 8
23864-src.FleetSimulationBase-INFO-	 time 8700, remaining tasks 8
23864-src.FleetSimulationBase-INFO-	 time 8760, remaining tasks 8
23864-src.FleetSimulationBase-INFO-	 time 8820, remaining tasks 8
23864-src.FleetSimulationBase-INFO-	 time 8880, remaining tasks 8
23864-src.FleetSimulationBase-INFO-	 time 8940, remaining tasks 8
23864-src.FleetSimulationBase-INFO-	 time 9000, remaining tasks 7
23864-src.FleetSimulationBase-INFO-	 time 9060, remaining tasks 6
23864-src.FleetSimulationBase-INFO-	 time 9120, remaining tasks 6
23864-src.FleetSimulationBase-INFO-	 time 9180, remaining tasks 6
23864-src.FleetSimulationBase-INFO-	 time 9240, remaining tasks 6
23864-src.FleetSimulationBase-INFO-	 time 9300, remaining tasks 5
23864-src.FleetSimulationBase-INFO-	 time 9360, remaining tasks 5
23864-src.FleetSimulationBase-INFO-	 time 9420, remaining tasks 5
23864-src.FleetSimulationBase-INFO-	 time 9480, remaining tasks 5
23864-src.FleetSimulationBase-INFO-	 time 9540, remaining tasks 5
23864-src.FleetSimulationBase-INFO-	 time 9600, remaining tasks 5
23864-src.FleetSimulationBase-INFO-	 time 9660, remaining tasks 5
23864-src.FleetSimulationBase-INFO-	 time 9720, remaining tasks 5
23864-src.FleetSimulationBase-INFO-	 time 9780, remaining tasks 5
23864-src.FleetSimulationBase-INFO-	 time 9840, remaining tasks 5
23864-src.FleetSimulationBase-INFO-	 time 9900, remaining tasks 5
23864-src.FleetSimulationBase-INFO-	 time 9960, remaining tasks 5
23864-src.FleetSimulationBase-INFO-	 time 10020, remaining tasks 5
23864-src.FleetSimulationBase-INFO-	 time 10080, remaining tasks 5
23864-src.FleetSimulationBase-INFO-	 time 10140, remaining tasks 5
23864-src.FleetSimulationBase-INFO-	 time 10200, remaining tasks 5
23864-src.FleetSimulationBase-INFO-	 time 10260, remaining tasks 5
23864-src.FleetSimulationBase-INFO-	 time 10320, remaining tasks 5
23864-src.FleetSimulationBase-INFO-	 time 10380, remaining tasks 5
23864-src.FleetSimulationBase-INFO-	 time 10440, remaining tasks 3
23864-src.FleetSimulationBase-INFO-	 time 10500, remaining tasks 3
23864-src.FleetSimulationBase-INFO-	 time 10560, remaining tasks 3
23864-src.FleetSimulationBase-INFO-	 time 10620, remaining tasks 3
23864-src.FleetSimulationBase-INFO-	 time 10680, remaining tasks 3
23864-src.FleetSimulationBase-INFO-	 time 10740, remaining tasks 3
23864-src.FleetSimulationBase-INFO-	 time 10800, remaining tasks 3
23864-src.FleetSimulationBase-INFO-	 time 10860, remaining tasks 3
23864-src.FleetSimulationBase-INFO-	 time 10920, remaining tasks 3
23864-src.FleetSimulationBase-INFO-	 time 10980, remaining tasks 3
23864-src.FleetSimulationBase-INFO-	 time 11040, remaining tasks 2
23864-src.FleetSimulationBase-INFO-	 time 11100, remaining tasks 2
23864-src.FleetSimulationBase-INFO-	 time 11160, remaining tasks 2
23864-src.FleetSimulationBase-INFO-	 time 11220, remaining tasks 2
23864-src.FleetSimulationBase-INFO-	 time 11280, remaining tasks 2
23864-src.FleetSimulationBase-INFO-	 time 11340, remaining tasks 2
23864-src.FleetSimulationBase-INFO-	 time 11400, remaining tasks 2
23864-src.FleetSimulationBase-INFO-	 time 11460, remaining tasks 2
23864-src.FleetSimulationBase-INFO-	 time 11520, remaining tasks 2
23864-src.FleetSimulationBase-INFO-	 time 11580, remaining tasks 2
23864-src.FleetSimulationBase-INFO-	 time 11640, remaining tasks 2
23864-src.FleetSimulationBase-INFO-	 time 11700, remaining tasks 2
23864-src.FleetSimulationBase-INFO-	 time 11760, remaining tasks 2
23864-src.FleetSimulationBase-INFO-	 time 11820, remaining tasks 2
23864-src.FleetSimulationBase-INFO-	 time 11880, remaining tasks 2
23864-src.FleetSimulationBase-INFO-	 time 11940, remaining tasks 2
23864-src.FleetSimulationBase-INFO-	 time 12000, remaining tasks 2
23864-src.FleetSimulationBase-INFO-	 time 12060, remaining tasks 2
23864-src.FleetSimulationBase-INFO-	 time 12120, remaining tasks 2
23864-src.FleetSimulationBase-INFO-	 time 12180, remaining tasks 2
23864-src.FleetSimulationBase-INFO-	 time 12240, remaining tasks 2
23864-src.FleetSimulationBase-INFO-	 time 12300, remaining tasks 2
23864-src.FleetSimulationBase-INFO-	 time 12360, remaining tasks 2
23864-src.FleetSimulationBase-INFO-	 time 12420, remaining tasks 2
23864-src.FleetSimulationBase-INFO-	 time 12480, remaining tasks 2
23864-src.FleetSimulationBase-INFO-	 time 12540, remaining tasks 2
23864-src.FleetSimulationBase-INFO-	 time 12600, remaining tasks 2
23864-src.FleetSimulationBase-INFO-	 time 12660, remaining tasks 2
23864-src.FleetSimulationBase-INFO-	 time 12720, remaining tasks 2
23864-src.FleetSimulationBase-INFO-	 time 12780, remaining tasks 2
23864-src.FleetSimulationBase-INFO-	 time 12840, remaining tasks 2
23864-src.FleetSimulationBase-INFO-	 time 12900, remaining tasks 2
23864-src.FleetSimulationBase-INFO-	 time 12960, remaining tasks 2
23864-src.FleetSimulationBase-INFO-	 time 13020, remaining tasks 2
23864-src.FleetSimulationBase-INFO-	 time 13080, remaining tasks 2
23864-src.FleetSimulationBase-INFO-	 time 13140, remaining tasks 2
23864-src.FleetSimulationBase-INFO-	 time 13200, remaining tasks 2
23864-src.FleetSimulationBase-INFO-	 time 13260, remaining tasks 2
23864-src.FleetSimulationBase-INFO-	 time 13320, remaining tasks 2
23864-src.FleetSimulationBase-INFO-	 time 13380, remaining tasks 2
23864-src.FleetSimulationBase-INFO-	 time 13440, remaining tasks 2
23864-src.FleetSimulationBase-INFO-	 time 13500, remaining tasks 2
23864-src.FleetSimulationBase-INFO-	 time 13560, remaining tasks 2
23864-src.FleetSimulationBase-INFO-	 time 13620, remaining tasks 2
23864-src.FleetSimulationBase-INFO-	 time 13680, remaining tasks 2
23864-src.FleetSimulationBase-INFO-	 time 13740, remaining tasks 2
23864-src.FleetSimulationBase-INFO-	 time 13800, remaining tasks 2
23864-src.FleetSimulationBase-INFO-	 time 13860, remaining tasks 2
23864-src.FleetSimulationBase-INFO-	 time 13920, remaining tasks 2
23864-src.FleetSimulationBase-INFO-	 time 13980, remaining tasks 2
23864-src.FleetSimulationBase-INFO-	 time 14040, remaining tasks 2
23864-src.FleetSimulationBase-INFO-	 time 14100, remaining tasks 2
23864-src.FleetSimulationBase-INFO-	 time 14160, remaining tasks 2
23864-src.FleetSimulationBase-INFO-	 time 14220, remaining tasks 2
23864-src.FleetSimulationBase-INFO-	 time 14280, remaining tasks 2
23864-src.FleetSimulationBase-INFO-	 time 14340, remaining tasks 2
23864-src.FleetSimulationBase-INFO-	 time 14400, remaining tasks 2
23864-src.FleetSimulationBase-INFO-	 time 14460, remaining tasks 2
23864-src.FleetSimulationBase-INFO-	 time 14520, remaining tasks 2
23864-src.FleetSimulationBase-INFO-	 time 14580, remaining tasks 2
23864-src.FleetSimulationBase-INFO-	 time 14640, remaining tasks 2
23864-src.FleetSimulationBase-INFO-	 time 14700, remaining tasks 2
23864-src.FleetSimulationBase-INFO-	 time 14760, remaining tasks 2
23864-src.FleetSimulationBase-INFO-	 time 14820, remaining tasks 2
23864-src.FleetSimulationBase-INFO-	 time 14880, remaining tasks 2
23864-src.FleetSimulationBase-INFO-	 time 14940, remaining tasks 2
23864-src.FleetSimulationBase-INFO-	 time 15000, remaining tasks 2
23864-src.FleetSimulationBase-INFO-	 time 15060, remaining tasks 2
23864-src.FleetSimulationBase-INFO-	 time 15120, remaining tasks 2
23864-src.FleetSimulationBase-INFO-	 time 15180, remaining tasks 2
23864-src.FleetSimulationBase-INFO-	 time 15240, remaining tasks 2
23864-src.FleetSimulationBase-INFO-	 time 15300, remaining tasks 2
23864-src.FleetSimulationBase-INFO-	 time 15360, remaining tasks 2
23864-src.FleetSimulationBase-INFO-	 time 15420, remaining tasks 2
23864-src.FleetSimulationBase-INFO-	 time 15480, remaining tasks 2
23864-src.FleetSimulationBase-INFO-	 time 15540, remaining tasks 2
23864-src.FleetSimulationBase-INFO-	 time 15600, remaining tasks 2
23864-src.FleetSimulationBase-INFO-	 time 15660, remaining tasks 2
23864-src.FleetSimulationBase-INFO-	 time 15720, remaining tasks 2
23864-src.FleetSimulationBase-INFO-	 time 15780, remaining tasks 2
23864-src.FleetSimulationBase-INFO-	 time 15840, remaining tasks 2
23864-src.FleetSimulationBase-INFO-	 time 15900, remaining tasks 2
23864-src.FleetSimulationBase-INFO-	 time 15960, remaining tasks 2
23864-src.FleetSimulationBase-INFO-	 time 16020, remaining tasks 2
23864-src.FleetSimulationBase-INFO-	 time 16080, remaining tasks 2
23864-src.FleetSimulationBase-INFO-	 time 16140, remaining tasks 2
23864-src.FleetSimulationBase-INFO-	 time 16200, remaining tasks 2
23864-src.FleetSimulationBase-INFO-	 time 16260, remaining tasks 2
23864-src.FleetSimulationBase-INFO-	 time 16320, remaining tasks 2
23864-src.FleetSimulationBase-INFO-	 time 16380, remaining tasks 2
23864-src.FleetSimulationBase-INFO-	 time 16440, remaining tasks 2
23864-src.FleetSimulationBase-INFO-	 time 16500, remaining tasks 2
23864-src.FleetSimulationBase-INFO-	 time 16560, remaining tasks 2
23864-src.FleetSimulationBase-INFO-	 time 16620, remaining tasks 2
23864-src.FleetSimulationBase-INFO-	 time 16680, remaining tasks 2
23864-src.FleetSimulationBase-INFO-	 time 16740, remaining tasks 2
23864-src.FleetSimulationBase-INFO-	 time 16800, remaining tasks 2
23864-src.FleetSimulationBase-INFO-	 time 16860, remaining tasks 2
23864-src.FleetSimulationBase-INFO-	 time 16920, remaining tasks 2
23864-src.FleetSimulationBase-INFO-	 time 16980, remaining tasks 2
23864-src.FleetSimulationBase-INFO-	 time 17040, remaining tasks 2
23864-src.FleetSimulationBase-INFO-	 time 17100, remaining tasks 2
23864-src.FleetSimulationBase-INFO-	 time 17160, remaining tasks 2
23864-src.FleetSimulationBase-INFO-	 time 17220, remaining tasks 2
23864-src.FleetSimulationBase-INFO-	 time 17280, remaining tasks 2
23864-src.FleetSimulationBase-INFO-	 time 17340, remaining tasks 2
23864-src.FleetSimulationBase-INFO-	 time 17400, remaining tasks 2
23864-src.FleetSimulationBase-INFO-	 time 17460, remaining tasks 2
23864-src.FleetSimulationBase-INFO-	 time 17520, remaining tasks 2
23864-src.FleetSimulationBase-INFO-	 time 17580, remaining tasks 2
23864-src.FleetSimulationBase-INFO-	 time 17640, remaining tasks 2
23864-src.FleetSimulationBase-INFO-	 time 17700, remaining tasks 2
23864-src.FleetSimulationBase-INFO-	 time 17760, remaining tasks 2
23864-src.FleetSimulationBase-INFO-	 time 17820, remaining tasks 0
23864-src.FleetSimulationBase-INFO-Scenario example_depot_util_pool_irsonly_sc_1 finished:
      initialization : 0:00:01 h
          simulation : 0:00:10 h
          evaluation : 0:00:00 h

23864-src.FleetSimulationBase-INFO-General initialization of scenario example_depot_utilpool_irsopt_sc_1...
